
> astro-e3es@0.0.1 build
> astro build

11:30:55 [types] Generated 26ms
11:30:55 [build] output: "static"
11:30:55 [build] mode: "static"
11:30:55 [build] directory: /Users/bryanpaul/Local Sites/astro-e3es/dist/
11:30:55 [build] Collecting build info...
11:30:55 [build] ✓ Completed in 45ms.
11:30:55 [build] Building static entrypoints...
11:30:57 [vite] ✓ built in 1.21s
11:30:58 [vite] ✓ built in 1.01s
11:30:58 [build] Rearranging server assets...

 generating static routes 
11:30:59 [WARN] [build] Could not render `/story` from route `/[...slug]` as it conflicts with higher priority route `/[...slug]`.
11:30:59 [WARN] [build] Could not render `/services` from route `/[...slug]` as it conflicts with higher priority route `/services`.
11:30:59   ├─ /blog/hello-world/index.html (+8ms) 
11:30:59   ├─ /carrizo-springs-consolidated-isd/index.html (+1ms) 
11:30:59   ├─ /clients/central-texas/index.html (+1ms) 
11:30:59   ├─ /clients/east-texas/index.html (+0ms) 
11:30:59   ├─ /clients/far-west-texas/index.html (+0ms) 
11:30:59   ├─ /clients/hill-country/index.html (+1ms) 
11:30:59   ├─ /clients/north-east-texas/index.html (+1ms) 
11:30:59   ├─ /clients/north-texas/index.html (+0ms) 
11:30:59   ├─ /clients/panhandle/index.html (+1ms) 
11:30:59   ├─ /clients/south-east-texas/index.html (+0ms) 
11:30:59   ├─ /clients/south-texas/index.html (+0ms) 
11:30:59   ├─ /clients/west-texas/index.html (+0ms) 
11:30:59   ├─ /clients/plano-isd/index.html (+3ms) 
11:30:59   ├─ /clients/keene-isd/index.html (+2ms) 
11:30:59   ├─ /clients/little-elm-isd/index.html (+1ms) 
11:30:59   ├─ /clients/city-of-stockdale/index.html (+1ms) 
11:30:59   ├─ /clients/rio-hondo-isd/index.html (+1ms) 
11:30:59   ├─ /clients/woodville-isd/index.html (+1ms) 
11:30:59   ├─ /clients/west-hardin-ccisd/index.html (+1ms) 
11:30:59   ├─ /clients/weslaco-isd/index.html (+1ms) 
11:30:59   ├─ /clients/waxahachie-isd/index.html (+1ms) 
11:30:59   ├─ /clients/vernon-isd/index.html (+1ms) 
11:30:59   ├─ /clients/valley-view-isd/index.html (+1ms) 
11:30:59   ├─ /clients/trinity-isd/index.html (+1ms) 
11:30:59   ├─ /clients/trenton-isd/index.html (+1ms) 
11:30:59   ├─ /clients/tom-bean-isd/index.html (+1ms) 
11:30:59   ├─ /clients/texas-facilities-commission/index.html (+1ms) 
11:30:59   ├─ /clients/somerset-isd/index.html (+1ms) 
11:30:59   ├─ /clients/skidmore-tynan-isd/index.html (+1ms) 
11:30:59   ├─ /clients/silsbee-isd/index.html (+1ms) 
11:30:59   ├─ /clients/santa-fe-isd/index.html (+1ms) 
11:30:59   ├─ /clients/sanger-isd/index.html (+1ms) 
11:30:59   ├─ /clients/san-jacinto-community-college/index.html (+1ms) 
11:30:59   ├─ /clients/san-benito-cisd/index.html (+1ms) 
11:30:59   ├─ /clients/san-angelo-isd/index.html (+1ms) 
11:30:59   ├─ /clients/saint-jo-isd/index.html (+1ms) 
11:30:59   ├─ /clients/rusk-isd/index.html (+1ms) 
11:30:59   ├─ /clients/royal-isd/index.html (+1ms) 
11:30:59   ├─ /clients/roscoe-collegiate-isd/index.html (+1ms) 
11:30:59   ├─ /clients/robstown-isd/index.html (+1ms) 
11:30:59   ├─ /clients/ricardo-isd/index.html (+1ms) 
11:30:59   ├─ /clients/raymondville-isd/index.html (+1ms) 
11:30:59   ├─ /clients/prosper-isd/index.html (+1ms) 
11:30:59   ├─ /clients/port-neches-groves-isd/index.html (+1ms) 
11:30:59   ├─ /clients/poolville-isd/index.html (+1ms) 
11:30:59   ├─ /clients/pilot-point-isd/index.html (+1ms) 
11:30:59   ├─ /clients/pflugerville-isd/index.html (+1ms) 
11:30:59   ├─ /clients/pecos-isd/index.html (+1ms) 
11:30:59   ├─ /clients/odem-edroy-isd/index.html (+1ms) 
11:30:59   ├─ /clients/north-texas-medical-center/index.html (+1ms) 
11:30:59   ├─ /clients/normangee-isd/index.html (+1ms) 
11:30:59   ├─ /clients/nocona-isd/index.html (+1ms) 
11:30:59   ├─ /clients/new-boston-isd/index.html (+1ms) 
11:30:59   ├─ /clients/needville-isd/index.html (+1ms) 
11:30:59   ├─ /clients/nacogdoches-isd/index.html (+1ms) 
11:30:59   ├─ /clients/moulton-isd/index.html (+1ms) 
11:30:59   ├─ /clients/mesquite-isd/index.html (+1ms) 
11:30:59   ├─ /clients/mercedes-isd/index.html (+1ms) 
11:30:59   ├─ /clients/marble-falls-isd/index.html (+1ms) 
11:30:59   ├─ /clients/manor-isd/index.html (+1ms) 
11:30:59   ├─ /clients/lyford-isd/index.html (+1ms) 
11:30:59   ├─ /clients/lufkin-isd/index.html (+1ms) 
11:30:59   ├─ /clients/lubbock-isd/index.html (+1ms) 
11:30:59   ├─ /clients/llano-isd/index.html (+1ms) 
11:30:59   ├─ /clients/liberty-isd/index.html (+1ms) 
11:30:59   ├─ /clients/lancaster-isd/index.html (+1ms) 
11:30:59   ├─ /clients/lamesa-isd/index.html (+1ms) 
11:30:59   ├─ /clients/lake-worth-isd/index.html (+1ms) 
11:30:59   ├─ /clients/kountze-isd/index.html (+1ms) 
11:30:59   ├─ /clients/kennedale-isd/index.html (+1ms) 
11:30:59   ├─ /clients/katy-isd/index.html (+1ms) 
11:30:59   ├─ /clients/jasper-isd/index.html (+1ms) 
11:30:59   ├─ /clients/italy-isd/index.html (+1ms) 
11:30:59   ├─ /clients/ingram-isd/index.html (+1ms) 
11:30:59   ├─ /clients/idea-public-schools/index.html (+1ms) 
11:30:59   ├─ /clients/houston-community-college/index.html (+1ms) 
11:30:59   ├─ /clients/hondo-isd/index.html (+1ms) 
11:30:59   ├─ /clients/highland-park-isd/index.html (+1ms) 
11:30:59   ├─ /clients/hawkins-isd/index.html (+1ms) 
11:30:59   ├─ /clients/hardin-jefferson-isd/index.html (+1ms) 
11:30:59   ├─ /clients/hardin-county/index.html (+1ms) 
11:30:59   ├─ /clients/gruver-isd/index.html (+1ms) 
11:30:59   ├─ /clients/greenville-isd/index.html (+1ms) 
11:30:59   ├─ /clients/goodall-witcher-hospital/index.html (+1ms) 
11:30:59   ├─ /clients/glen-rose-medical-center/index.html (+1ms) 
11:30:59   ├─ /clients/galena-park-isd/index.html (+1ms) 
11:30:59   ├─ /clients/gainesville-isd/index.html (+2ms) 
11:30:59   ├─ /clients/ferris-isd/index.html (+1ms) 
11:30:59   ├─ /clients/ennis-isd/index.html (+1ms) 
11:30:59   ├─ /clients/edgewood-isd/index.html (+1ms) 
11:30:59   ├─ /clients/edcouch-elsa-isd/index.html (+1ms) 
11:30:59   ├─ /clients/eagle-pass-isd/index.html (+1ms) 
11:30:59   ├─ /clients/desoto-isd/index.html (+1ms) 
11:30:59   ├─ /clients/corsicana-isd/index.html (+1ms) 
11:30:59   ├─ /clients/cooke-county/index.html (+1ms) 
11:30:59   ├─ /clients/columbia-brazoria-isd/index.html (+1ms) 
11:30:59   ├─ /clients/cleveland-isd/index.html (+1ms) 
11:30:59   ├─ /clients/chico-isd/index.html (+1ms) 
11:30:59   ├─ /clients/cedar-hill-isd/index.html (+1ms) 
11:30:59   ├─ /clients/castleberry-isd/index.html (+1ms) 
11:30:59   ├─ /clients/caddo-mills-isd/index.html (+1ms) 
11:30:59   ├─ /clients/brownsville-isd/index.html (+1ms) 
11:30:59   ├─ /clients/brenham-isd/index.html (+1ms) 
11:30:59   ├─ /clients/bowie-isd/index.html (+1ms) 
11:30:59   ├─ /clients/big-sandy-isd/index.html (+1ms) 
11:30:59   ├─ /clients/bellevue-isd/index.html (+1ms) 
11:30:59   ├─ /clients/banquete-isd/index.html (+1ms) 
11:30:59   ├─ /clients/ballinger-isd/index.html (+1ms) 
11:30:59   ├─ /clients/baird-isd/index.html (+1ms) 
11:30:59   ├─ /clients/anderson-shiro-cisd/index.html (+1ms) 
11:30:59   ├─ /clients/granbury-isd/index.html (+1ms) 
11:30:59   ├─ /clients/bishop-cisd/index.html (+1ms) 
11:30:59   ├─ /clients/donna-isd/index.html (+1ms) 
11:30:59   ├─ /clients/carrizo-springs-cisd/index.html (+1ms) 
11:30:59   ├─ /clients/caldwell-isd/index.html (+1ms) 
11:30:59   ├─ /clients/bryan-isd/index.html (+1ms) 
11:30:59   ├─ /clients/boyd-isd/index.html (+1ms) 
11:30:59   ├─ /clients/index.html (+1.12s) 
11:31:00   ├─ /gwh/index.html (+1ms) 
11:31:00   ├─ /houston-cc/index.html (+1ms) 
11:31:00   ├─ /mockups/bishop-cisd/index.html (+6ms) 
11:31:00   ├─ /mockups/boyd-isd/index.html (+15ms) 
11:31:00   ├─ /mockups/granbury-isd/index.html (+8ms) 
11:31:00   ├─ /northeast-texas/index.html (+2ms) 
11:31:00   ├─ /northwest-texas/index.html (+1ms) 
11:31:00   ├─ /services/index.html (+288ms) 
11:31:01   ├─ /southeast-texas/index.html (+1ms) 
11:31:01   ├─ /southwest-texas/index.html (+0ms) 
11:31:01   ├─ /index.html (+69ms) 
11:31:01   ├─ /torch/index.html (+2ms) 
11:31:01   ├─ /industries/index.html (+2ms) 
11:31:01   ├─ /funding-stories/index.html (+1ms) 
11:31:01   ├─ /k12/panhandle/index.html (+2ms) 
11:31:01   ├─ /k12/east-texas/index.html (+1ms) 
11:31:01   ├─ /design-build/index.html (+1ms) 
11:31:01   ├─ /k12/hill-country/index.html (+1ms) 
11:31:01   ├─ /k12/south-texas/index.html (+1ms) 
11:31:01   ├─ /k12/central-texas/index.html (+1ms) 
11:31:01   ├─ /k12/south-east-texas/index.html (+2ms) 
11:31:01   ├─ /k12/north-east-texas/index.html (+1ms) 
11:31:01   ├─ /k12/north-texas/index.html (+2ms) 
11:31:01   ├─ /k12/west-texas/index.html (+2ms) 
11:31:01   ├─ /k12/far-west-texas/index.html (+1ms) 
11:31:01   ├─ /healthcare/index.html (+1ms) 
11:31:01   ├─ /municipalities/index.html (+2ms) 
11:31:01   ├─ /higher-education/index.html (+1ms) 
11:31:01   ├─ /hvac-2/index.html (+1ms) 
11:31:01   ├─ /team-2/index.html (+1ms) 
11:31:01   ├─ /contact/index.html (+1ms) 
11:31:01   ├─ /story/index.html (+1ms) 
11:31:01   ├─ /team/index.html (+1ms) 
11:31:01   ├─ /about-us/index.html (+1ms) 
11:31:01   ├─ /k12/index.html (+1ms) 
11:31:01   ├─ /funding/index.html (+1ms) 
11:31:01   ├─ /our-approach/index.html (+1ms) 
11:31:01   ├─ /services/water-wastewater-solutions/index.html (+1ms) 
11:31:01   ├─ /services/financing-auditing/grant-and-funding-procurement-4/index.html (+1ms) 
11:31:01   ├─ /services/financing-auditing/energy-auditing-4/index.html (+1ms) 
11:31:01   ├─ /services/financing-auditing/cooperative-purchasing-2/index.html (+1ms) 
11:31:01   ├─ /services/water-wastewater/water-wells-2/index.html (+1ms) 
11:31:01   ├─ /services/water-wastewater/water-meter-installation-4/index.html (+1ms) 
11:31:01   ├─ /services/water-wastewater/water-conservation-4/index.html (+1ms) 
11:31:01   ├─ /services/water-wastewater/wastewater-sludge-remediation-4/index.html (+1ms) 
11:31:01   ├─ /services/water-wastewater/scada-2/index.html (+1ms) 
11:31:01   ├─ /services/water-wastewater/municipal-water-treatment-4/index.html (+1ms) 
11:31:01   ├─ /services/controls-automation/indoor-air-quality-4/index.html (+1ms) 
11:31:01   ├─ /services/controls-automation/building-automation-2/index.html (+1ms) 
11:31:01   ├─ /services/hvac/vrf-systems-2/index.html (+1ms) 
11:31:01   ├─ /services/hvac/ventilation-upgrades-2/index.html (+1ms) 
11:31:01   ├─ /services/hvac/rtu-replacement-2/index.html (+1ms) 
11:31:01   ├─ /services/hvac/mechanical-modernization-2/index.html (+1ms) 
11:31:01   ├─ /services/hvac/dehumidification-2/index.html (+1ms) 
11:31:01   ├─ /services/hvac/chiller-replacement-2/index.html (+1ms) 
11:31:01   ├─ /services/hvac/boiler-systems-2/index.html (+1ms) 
11:31:01   ├─ /services/lighting/sports-lighting-3/index.html (+1ms) 
11:31:01   ├─ /services/lighting/smart-lighting-controls-3/index.html (+1ms) 
11:31:01   ├─ /services/lighting/parking-lot-lighting-3/index.html (+1ms) 
11:31:01   ├─ /services/lighting/led-retrofit-3/index.html (+1ms) 
11:31:01   ├─ /services/lighting/interior-lighting-3/index.html (+1ms) 
11:31:01   ├─ /services/lighting/gym-lighting-3/index.html (+1ms) 
11:31:01   ├─ /services/lighting/exterior-lighting-3/index.html (+1ms) 
11:31:01   ├─ /services/hvac-system-upgrades-2/index.html (+1ms) 
11:31:01   ├─ /services/led-lighting-2/index.html (+1ms) 
11:31:01   ├─ /services/financing-auditing/index.html (+1ms) 
11:31:01   ├─ /services/controls-automation/index.html (+1ms) 
11:31:01   ├─ /services/water-wastewater/index.html (+1ms) 
11:31:01   ├─ /services/energy-infrastructure/index.html (+1ms) 
11:31:01   ├─ /services/water-plumbing/index.html (+1ms) 
11:31:01   ├─ /services/municipal/ahmo/index.html (+1ms) 
11:31:01   ├─ /services/healthcare/torch/index.html (+1ms) 
11:31:01   ├─ /services/k-12/tasbo/index.html (+1ms) 
11:31:01   ├─ /services/higher-education/index.html (+1ms) 
11:31:01   ├─ /services/k-12/seco/index.html (+2ms) 
11:31:01   ├─ /services/energy-savings-performance-contracting/index.html (+1ms) 
11:31:01   ├─ /services/tips/index.html (+1ms) 
11:31:01   ├─ /services/job-order-contracting/index.html (+1ms) 
11:31:01   ├─ /services/water-2__trashed/tceq-compliance/index.html (+1ms) 
11:31:01   ├─ /services/water-2__trashed/chemical-treatment/index.html (+1ms) 
11:31:01   ├─ /services/water-2__trashed/lagoon-remediation/index.html (+1ms) 
11:31:01   ├─ /services/hvac-2__trashed/air-distribution/index.html (+1ms) 
11:31:01   ├─ /services/hvac-2__trashed/hvac-controls/index.html (+1ms) 
11:31:01   ├─ /services/higher-ed__trashed/tasb/index.html (+1ms) 
11:31:01   ├─ /services/higher-ed__trashed/building-controls/index.html (+1ms) 
11:31:01   ├─ /services/higher-ed__trashed/hvac-old-1165/index.html (+1ms) 
11:31:01   ├─ /services/municipal/generators/index.html (+1ms) 
11:31:01   ├─ /services/municipal/water-metering/index.html (+1ms) 
11:31:01   ├─ /services/municipal/index.html (+1ms) 
11:31:01   ├─ /services/healthcare/rural-hospitals/index.html (+1ms) 
11:31:01   ├─ /services/healthcare/energy-savings/index.html (+1ms) 
11:31:01   ├─ /services/healthcare/index.html (+1ms) 
11:31:01   ├─ /services/k-12/design-build/index.html (+1ms) 
11:31:01   ├─ /services/k-12/performance-contracting/index.html (+1ms) 
11:31:01   ├─ /services/k-12/index.html (+1ms) 
11:31:01   ├─ /services/controls/index.html (+1ms) 
11:31:01   ├─ /services/wastewater/index.html (+1ms) 
11:31:01   ├─ /services/water-treatment/index.html (+1ms) 
11:31:01   ├─ /services/building-envelope/index.html (+1ms) 
11:31:01   ├─ /services/central-plants/index.html (+1ms) 
11:31:01   ├─ /services/facility-assessments/index.html (+1ms) 
11:31:01   ├─ /services/energy-management/index.html (+1ms) 
11:31:01   ├─ /services/electrical/index.html (+1ms) 
11:31:01   ├─ /services/retro-commissioning/index.html (+1ms) 
11:31:01   ├─ /services/emergency-power/index.html (+1ms) 
11:31:01   ├─ /services/roofing/index.html (+1ms) 
11:31:01   ├─ /services/solar/index.html (+1ms) 
11:31:01   ├─ /services/lighting/index.html (+1ms) 
11:31:01   ├─ /services/hvac/index.html (+1ms) 
11:31:01 ✓ Completed in 3.01s.

 generating optimized images 
11:31:01   ▶ /_astro/new-logo-300x115-300x115-300x115-300x115-300x115-300x115.Td8XNtOU_Zs0YxM.avif (reused cache entry) (+2ms) (1/309)
11:31:01   ▶ /_astro/carrizo-springs-cisd_flickr_0_Z1452ub.webp (reused cache entry) (+2ms) (2/309)
11:31:01   ▶ /_astro/bryan-isd_flickr_0_2k4yNT.webp (reused cache entry) (+2ms) (3/309)
11:31:01   ▶ /_astro/boyd-isd_flickr_0_1h7HxE.webp (reused cache entry) (+2ms) (4/309)
11:31:01   ▶ /_astro/cooke-county_flickr_0_Z1cPaGK.webp (reused cache entry) (+2ms) (5/309)
11:31:01   ▶ /_astro/donna-isd_flickr_0-1_Z1xMyIh.webp (reused cache entry) (+3ms) (6/309)
11:31:01   ▶ /_astro/glen-rose-medical-center_flickr_0_TJk64.webp (reused cache entry) (+3ms) (7/309)
11:31:01   ▶ /_astro/54474213788_147e72a636_k_Z1WU2RT.webp (reused cache entry) (+3ms) (8/309)
11:31:01   ▶ /_astro/ferris-isd_flickr_0_Z1YfAaX.webp (reused cache entry) (+8ms) (9/309)
11:31:01   ▶ /_astro/new-logo-300x115-300x115-300x115-300x115-300x115-300x115.Td8XNtOU_2huYGm.webp (reused cache entry) (+7ms) (10/309)
11:31:01   ▶ /_astro/goodall-witcher-hospital_flickr_0_Z1z07fc.webp (reused cache entry) (+9ms) (11/309)
11:31:01   ▶ /_astro/greenville-isd_flickr_0_Z1P5KRj.webp (reused cache entry) (+7ms) (12/309)
11:31:01   ▶ /_astro/port-neches-groves-isd_flickr_0_Fu14L.webp (reused cache entry) (+7ms) (13/309)
11:31:01   ▶ /_astro/lake-worth-isd_flickr_0_16Nutz.webp (reused cache entry) (+7ms) (14/309)
11:31:01   ▶ /_astro/kountze-isd_flickr_0_1Fkh0M.webp (reused cache entry) (+7ms) (15/309)
11:31:01   ▶ /_astro/prosper-isd_flickr_0_1ctE91.webp (reused cache entry) (+7ms) (16/309)
11:31:01   ▶ /_astro/new-logo-300x115-300x115-300x115-300x115-300x115-300x115.Td8XNtOU_Fb4CY.png (reused cache entry) (+2ms) (17/309)
11:31:01   ▶ /_astro/raymondville-isd_flickr_0_o2Qib.webp (reused cache entry) (+7ms) (18/309)
11:31:01   ▶ /_astro/ricardo-isd_flickr_0_Z17gkEa.webp (reused cache entry) (+2ms) (19/309)
11:31:01   ▶ /_astro/rio-hondo-isd_flickr_0-1_ZHOnOs.webp (reused cache entry) (+7ms) (20/309)
11:31:01   ▶ /_astro/general-marketing_brochure-2_51586540330.CLqRAsY__ZDhjlr.webp (reused cache entry) (+2ms) (21/309)
11:31:01   ▶ /_astro/54811959968_9493f28880_k.P86PuXGn_Z1WoAU7.webp (reused cache entry) (+2ms) (22/309)
11:31:01   ▶ /_astro/royal-isd_flickr_0_2vtCC7.webp (reused cache entry) (+3ms) (23/309)
11:31:01   ▶ /_astro/54474213788_147e72a636_k.BnvbshKg_Z1UdJvd.webp (reused cache entry) (+3ms) (24/309)
11:31:01   ▶ /_astro/51671231498_f84028afe5_k.Bn5jJFJc_rUUx3.webp (reused cache entry) (+1ms) (25/309)
11:31:01   ▶ /_astro/51551255896_f97e3d97b1_k.BWk5YMXg_1vqPYu.webp (reused cache entry) (+2ms) (26/309)
11:31:01   ▶ /_astro/led.BxZtLPU8_Z29s4nl.webp (reused cache entry) (+2ms) (27/309)
11:31:01   ▶ /_astro/hvac.CL9_CzAr_Z2iFa0P.webp (reused cache entry) (+3ms) (28/309)
11:31:01   ▶ /_astro/53969622794_b49535a782_k.YbFMfpLJ_Z1GsQh.webp (reused cache entry) (+2ms) (29/309)
11:31:01   ▶ /_astro/51670228367_9daa14b611_k.DjHkWwZ-_1Kh2jo.webp (reused cache entry) (+2ms) (30/309)
11:31:01   ▶ /_astro/54811959968_9493f28880_k.P86PuXGn_24dVOq.webp (reused cache entry) (+2ms) (31/309)
11:31:01   ▶ /_astro/Bishop_CISD.9EhNEWtY_qXTkT.webp (reused cache entry) (+2ms) (32/309)
11:31:01   ▶ /_astro/51671231498_f84028afe5_k.Bn5jJFJc_3EBRn.webp (reused cache entry) (+2ms) (33/309)
11:31:01   ▶ /_astro/e3-best-of_rio-hondo-construction-dsc05586_52177149681.BjnzHOko_LbvUz.webp (reused cache entry) (+3ms) (34/309)
11:31:01   ▶ /_astro/54474213788_147e72a636_k.BnvbshKg_1ObbDn.webp (reused cache entry) (+3ms) (35/309)
11:31:01   ▶ /_astro/51551255896_f97e3d97b1_k.BWk5YMXg_17axjO.webp (reused cache entry) (+2ms) (36/309)
11:31:01   ▶ /_astro/led.BxZtLPU8_ZwMg0p.webp (reused cache entry) (+2ms) (37/309)
11:31:01   ▶ /_astro/hvac.CL9_CzAr_fJp1y.webp (reused cache entry) (+3ms) (38/309)
11:31:01   ▶ /_astro/53969622794_b49535a782_k.YbFMfpLJ_212dF6.webp (reused cache entry) (+2ms) (39/309)
11:31:01   ▶ /_astro/51670228367_9daa14b611_k.DjHkWwZ-_1m0IDI.webp (reused cache entry) (+2ms) (40/309)
11:31:01   ▶ /_astro/54474213788_147e72a636_k.BnvbshKg_ZQE9qO.webp (reused cache entry) (+1ms) (41/309)
11:31:01   ▶ /_astro/51671231498_f84028afe5_k.Bn5jJFJc_2mU665.webp (reused cache entry) (+2ms) (42/309)
11:31:01   ▶ /_astro/54811959968_9493f28880_k.P86PuXGn_Z1zHTka.webp (reused cache entry) (+3ms) (43/309)
11:31:01   ▶ /_astro/facilities_director-400x400.CSs0Nbkd_ZELz9P.webp (reused cache entry) (+2ms) (44/309)
11:31:01   ▶ /_astro/superintendent-400x400.Dysjunp3_ZtI7zL.webp (reused cache entry) (+3ms) (45/309)
11:31:01   ▶ /_astro/led.BxZtLPU8_28LzCo.webp (reused cache entry) (+2ms) (46/309)
11:31:01   ▶ /_astro/51551255896_f97e3d97b1_k.BWk5YMXg_ZqKdFJ.webp (reused cache entry) (+3ms) (47/309)
11:31:01   ▶ /_astro/hvac.CL9_CzAr_kP6pY.webp (reused cache entry) (+3ms) (48/309)
11:31:01   ▶ /_astro/53969622794_b49535a782_k.YbFMfpLJ_Z1Jn8KA.webp (reused cache entry) (+3ms) (49/309)
11:31:01   ▶ /_astro/51670228367_9daa14b611_k.DjHkWwZ-_213nBh.webp (reused cache entry) (+5ms) (50/309)
11:31:01   ▶ /_astro/54474213788_147e72a636_k.BnvbshKg_Z2qh81M.webp (reused cache entry) (+6ms) (51/309)
11:31:01   ▶ /_astro/boyd-isd-construction_boyd-construction-0003_54400148852.DokXrr8j_1r04fQ.webp (reused cache entry) (+5ms) (52/309)
11:31:01   ▶ /_astro/led.BxZtLPU8_Z1peYb4.webp (reused cache entry) (+6ms) (53/309)
11:31:01   ▶ /_astro/51671231498_f84028afe5_k.Bn5jJFJc_Z1J71t9.webp (reused cache entry) (+6ms) (54/309)
11:31:01   ▶ /_astro/54811959968_9493f28880_k.P86PuXGn_1ul7pa.webp (reused cache entry) (+7ms) (55/309)
11:31:01   ▶ /_astro/boyd-isd-before_boyd-before-06843_54364088220.CzXBsFej_Zm9QIm.webp (reused cache entry) (+6ms) (56/309)
11:31:01   ▶ /_astro/53969622794_b49535a782_k.YbFMfpLJ_860Cm.webp (reused cache entry) (+6ms) (57/309)
11:31:01   ▶ /_astro/boyd-isd-construction_boyd-construction-0003_54400148852.DokXrr8j_Zx70rA.webp (reused cache entry) (+3ms) (58/309)
11:31:01   ▶ /_astro/hvac.CL9_CzAr_Za47Vk.webp (reused cache entry) (+8ms) (59/309)
11:31:01   ▶ /_astro/51551255896_f97e3d97b1_k.BWk5YMXg_wsQJE.webp (reused cache entry) (+9ms) (60/309)
11:31:01   ▶ /_astro/boyd-isd-before_boyd-before-06843_54364088220.CzXBsFej_Z1NhvvK.webp (reused cache entry) (+2ms) (61/309)
11:31:01   ▶ /_astro/boyd-isd-before_boyd-before-0894_54362813567.BCBgFATd_ZN7e1a.webp (reused cache entry) (+4ms) (62/309)
11:31:01   ▶ /_astro/51670228367_9daa14b611_k.DjHkWwZ-_Z25TELg.webp (reused cache entry) (+7ms) (63/309)
11:31:01   ▶ /_astro/boyd-isd-before_boyd-before-0898_54362813767.CNGxph9b_Z1FsLg6.webp (reused cache entry) (+3ms) (64/309)
11:31:01   ▶ /_astro/boyd-isd-before_boyd-before-0900_54364084905.DB-5ma3P_Z1yXavu.webp (reused cache entry) (+3ms) (65/309)
11:31:01   ▶ /_astro/boyd-isd-before_boyd-before-0903_54363911223.COK5KPcm_5XGJs.webp (reused cache entry) (+3ms) (66/309)
11:31:01   ▶ /_astro/boyd-isd-construction_boyd-construction-0003_54400148852.DokXrr8j_owpMd.webp (reused cache entry) (+2ms) (67/309)
11:31:01   ▶ /_astro/boyd-isd-before_boyd-before-0912_54363686306._v-GXb0R_1xLbxP.webp (reused cache entry) (+3ms) (68/309)
11:31:01   ▶ /_astro/boyd-isd-before_boyd-before-06843_54364088220.CzXBsFej_Z2dani9.webp (reused cache entry) (+1ms) (69/309)
11:31:01   ▶ /_astro/boyd-isd-before_boyd-before-0894_54362813567.BCBgFATd_1L70jT.webp (reused cache entry) (+3ms) (70/309)
11:31:01   ▶ /_astro/boyd-isd-before_boyd-before-0898_54362813767.CNGxph9b_SKs4X.webp (reused cache entry) (+3ms) (71/309)
11:31:01   ▶ /_astro/boyd-isd-before_boyd-before-0914_54363911488.C4196jAd_1cEo08.webp (reused cache entry) (+3ms) (72/309)
11:31:01   ▶ /_astro/boyd-isd-before_boyd-before-0900_54364084905.DB-5ma3P_10g3Oz.webp (reused cache entry) (+3ms) (73/309)
11:31:01   ▶ /_astro/boyd-isd-before_boyd-before-0903_54363911223.COK5KPcm_Z2oYcIp.webp (reused cache entry) (+4ms) (74/309)
11:31:01   ▶ /_astro/boyd-isd-before_boyd-before-0912_54363686306._v-GXb0R_ZWbHU2.webp (reused cache entry) (+4ms) (75/309)
11:31:01   ▶ /_astro/boyd-isd-before_boyd-before-0925_54362814502.BkW07ySk_hfhpX.webp (reused cache entry) (+5ms) (76/309)
11:31:01   ▶ /_astro/boyd-isd-before_boyd-before-0917_54364085400.BhFQ3O5b_1YIlg5.webp (reused cache entry) (+5ms) (77/309)
11:31:01   ▶ /_astro/boyd-isd-before_boyd-before-0894_54362813567.BCBgFATd_Z2ojtOm.webp (reused cache entry) (+2ms) (78/309)
11:31:01   ▶ /_astro/boyd-isd-before_boyd-before-0914_54363911488.C4196jAd_Z1iivsJ.webp (reused cache entry) (+2ms) (79/309)
11:31:01   ▶ /_astro/boyd-isd-before_boyd-before-0898_54362813767.CNGxph9b_1Nw6JD.webp (reused cache entry) (+2ms) (80/309)
11:31:01   ▶ /_astro/boyd-isd-before_boyd-before-0927_54363686761.Bp-yEe5M_Z27QEXM.webp (reused cache entry) (+3ms) (81/309)
11:31:01   ▶ /_astro/boyd-isd-before_boyd-before-0929_54362814727.Ucogh-ZS_ZaAH2f.webp (reused cache entry) (+3ms) (82/309)
11:31:01   ▶ /_astro/boyd-isd-before_boyd-before-0903_54363911223.COK5KPcm_Z1udy3J.webp (reused cache entry) (+1ms) (83/309)
11:31:01   ▶ /_astro/boyd-isd-before_boyd-before-0900_54364084905.DB-5ma3P_1U1Huf.webp (reused cache entry) (+3ms) (84/309)
11:31:01   ▶ /_astro/boyd-isd-before_boyd-before-0912_54363686306._v-GXb0R_Z2q4fm.webp (reused cache entry) (+2ms) (85/309)
11:31:01   ▶ /_astro/boyd-isd-before_boyd-before-0925_54362814502.BkW07ySk_Z2dHC2T.webp (reused cache entry) (+1ms) (86/309)
11:31:01   ▶ /_astro/boyd-isd-before_boyd-before-0917_54364085400.BhFQ3O5b_QbUK5.webp (reused cache entry) (+2ms) (87/309)
11:31:01   ▶ /_astro/boyd-isd-before_boyd-before-0914_54363911488.C4196jAd_ZnwQN4.webp (reused cache entry) (+1ms) (88/309)
11:31:01   ▶ /_astro/boyd-isd-before_boyd-before-0929_54362814727.Ucogh-ZS_2oCwiO.webp (reused cache entry) (+2ms) (89/309)
11:31:01   ▶ /_astro/boyd-isd-before_boyd-before-0927_54363686761.Bp-yEe5M_rmymh.webp (reused cache entry) (+3ms) (90/309)
11:31:01   ▶ /_astro/boyd-isd-before_boyd-before-0934_54363687116.Cse_4JAQ_2JSo4.webp (reused cache entry) (+3ms) (91/309)
11:31:01   ▶ /_astro/boyd-isd-before_boyd-before-0939_54364086165.e156GqYv_2jliQY.webp (reused cache entry) (+3ms) (92/309)
11:31:01   ▶ /_astro/boyd-isd-before_boyd-before-0944_54364087215.WCTAR4_n_Z2a9Ksk.webp (reused cache entry) (+2ms) (93/309)
11:31:01   ▶ /_astro/boyd-isd-before_boyd-before-0925_54362814502.BkW07ySk_Z1iVXne.webp (reused cache entry) (+4ms) (94/309)
11:31:01   ▶ /_astro/boyd-isd-before_boyd-before-0941_54362815767.CMFCVFwu_2gmeNj.webp (reused cache entry) (+4ms) (95/309)
11:31:01   ▶ /_astro/boyd-isd-before_boyd-before-0917_54364085400.BhFQ3O5b_Z1k0vwH.webp (reused cache entry) (+4ms) (96/309)
11:31:01   ▶ /_astro/boyd-isd-before_boyd-before-0947_54362816322.Bq3CyzN2_Z2vcjqn.webp (reused cache entry) (+4ms) (97/309)
11:31:01   ▶ /_astro/boyd-isd-before_boyd-before-0934_54363687116.Cse_4JAQ_Z2sd14N.webp (reused cache entry) (+3ms) (98/309)
11:31:01   ▶ /_astro/boyd-isd-before_boyd-before-0927_54363686761.Bp-yEe5M_1m8d1W.webp (reused cache entry) (+3ms) (99/309)
11:31:01   ▶ /_astro/boyd-isd-before_boyd-before-0929_54362814727.Ucogh-ZS_Z1KMWPr.webp (reused cache entry) (+3ms) (100/309)
11:31:01   ▶ /_astro/boyd-isd-before_boyd-before-0939_54364086165.e156GqYv_ZbBAAS.webp (reused cache entry) (+3ms) (101/309)
11:31:01   ▶ /_astro/boyd-isd-before_boyd-before-0944_54364087215.WCTAR4_n_p4sRJ.webp (reused cache entry) (+3ms) (102/309)
11:31:01   ▶ /_astro/boyd-isd-before_boyd-before-0941_54362815767.CMFCVFwu_ZeAEEy.webp (reused cache entry) (+1ms) (103/309)
11:31:01   ▶ /_astro/boyd-isd-before_boyd-before-0947_54362816322.Bq3CyzN2_41TTG.webp (reused cache entry) (+1ms) (104/309)
11:31:01   ▶ /_astro/boyd-isd-before_boyd-before-0950_54363688521.BY_XUlPy_nznxq.webp (reused cache entry) (+4ms) (105/309)
11:31:01   ▶ /_astro/boyd-isd-before_boyd-before-0953_54363688651.B9eG-JsF_gFPGW.webp (reused cache entry) (+2ms) (106/309)
11:31:01   ▶ /_astro/boyd-isd-before_boyd-before-0934_54363687116.Cse_4JAQ_Z1xrmp8.webp (reused cache entry) (+1ms) (107/309)
11:31:01   ▶ /_astro/boyd-isd-before_boyd-before-0939_54364086165.e156GqYv_I933M.webp (reused cache entry) (+2ms) (108/309)
11:31:01   ▶ /_astro/boyd-isd-before_boyd-before-0944_54364087215.WCTAR4_n_1jP7xp.webp (reused cache entry) (+2ms) (109/309)
11:31:01   ▶ /_astro/boyd-isd-before_boyd-before-0955_54364087800.BB0IbYpW_1AGQpW.webp (reused cache entry) (+3ms) (110/309)
11:31:01   ▶ /_astro/boyd-isd-before_boyd-before-0941_54362815767.CMFCVFwu_F9Y07.webp (reused cache entry) (+2ms) (111/309)
11:31:01   ▶ /_astro/boyd-isd-before_boyd-before-0947_54362816322.Bq3CyzN2_XMyzm.webp (reused cache entry) (+2ms) (112/309)
11:31:01   ▶ /_astro/boyd-isd-before_boyd-before-0960_54363688971.BqPciyAQ_Z2cDmu3.webp (reused cache entry) (+2ms) (113/309)
11:31:01   ▶ /_astro/boyd-isd-before_boyd-before-0963_54363895384.CmsBUW9__2mx3Qm.webp (reused cache entry) (+3ms) (114/309)
11:31:01   ▶ /_astro/boyd-isd-before_boyd-before-0953_54363688651.B9eG-JsF_Z2eh3KU.webp (reused cache entry) (+3ms) (115/309)
11:31:01   ▶ /_astro/boyd-isd-before_boyd-before-0950_54363688521.BY_XUlPy_Z27nvUr.webp (reused cache entry) (+3ms) (116/309)
11:31:01   ▶ /_astro/boyd-isd-before_boyd-before-0955_54364087800.BB0IbYpW_ZTg32U.webp (reused cache entry) (+2ms) (117/309)
11:31:01   ▶ /_astro/boyd-isd-before_boyd-before-0960_54363688971.BqPciyAQ_mzQQ1.webp (reused cache entry) (+1ms) (118/309)
11:31:01   ▶ /_astro/boyd-isd-after_boyd-construction-0108_54412168040.BNq-5B4Y_Z19PPrd.webp (reused cache entry) (+1ms) (119/309)
11:31:01   ▶ /_astro/boyd-isd-after_boyd-construction-0116_54411972449.j9gFfWhM_ZupSeT.webp (reused cache entry) (+2ms) (120/309)
11:31:01   ▶ /_astro/boyd-isd-after_boyd-construction-0104_54410913982.BJnA7ovA_Z1xmQ9i.webp (reused cache entry) (+2ms) (121/309)
11:31:01   ▶ /_astro/boyd-isd-after_dji-0462_55181966748.Cw_g5sQb_1xyrRu.webp (reused cache entry) (+3ms) (122/309)
11:31:01   ▶ /_astro/boyd-isd-before_boyd-before-0963_54363895384.CmsBUW9__Z8pPBv.webp (reused cache entry) (+3ms) (123/309)
11:31:01   ▶ /_astro/boyd-isd-after_boyd-construction-0058_54412167170.DH5Lg4zc_1vz5H7.webp (reused cache entry) (+4ms) (124/309)
11:31:01   ▶ /_astro/boyd-isd-before_boyd-before-0953_54363688651.B9eG-JsF_Z1jvp6f.webp (reused cache entry) (+3ms) (125/309)
11:31:01   ▶ /_astro/boyd-isd-before_boyd-before-0955_54364087800.BB0IbYpW_uABK.webp (reused cache entry) (+3ms) (126/309)
11:31:01   ▶ /_astro/boyd-isd-before_boyd-before-0960_54363688971.BqPciyAQ_1hlvvG.webp (reused cache entry) (+3ms) (127/309)
11:31:01   ▶ /_astro/boyd-isd-before_boyd-before-0950_54363688521.BY_XUlPy_Z1cBRfL.webp (reused cache entry) (+3ms) (128/309)
11:31:01   ▶ /_astro/boyd-isd-after_boyd-construction-0108_54412168040.BNq-5B4Y_EehCT.webp (reused cache entry) (+3ms) (129/309)
11:31:01   ▶ /_astro/boyd-isd-after_boyd-construction-0116_54411972449.j9gFfWhM_1jEePd.webp (reused cache entry) (+3ms) (130/309)
11:31:01   ▶ /_astro/boyd-isd-after_boyd-construction-0104_54410913982.BJnA7ovA_gHgUO.webp (reused cache entry) (+3ms) (131/309)
11:31:01   ▶ /_astro/boyd-isd-after_dji-0462_55181966748.Cw_g5sQb_2dVmTt.webp (reused cache entry) (+2ms) (132/309)
11:31:01   ▶ /_astro/boyd-isd-before_boyd-before-0963_54363895384.CmsBUW9__LkN3a.webp (reused cache entry) (+2ms) (133/309)
11:31:01   ▶ /_astro/boyd-isd-after_boyd-construction-0058_54412167170.DH5Lg4zc_Z9uJxe.webp (reused cache entry) (+2ms) (134/309)
11:31:01   ▶ /_astro/boyd-isd-after_dji-0464_55181966683.Dm-2SMS6_N2TlT.webp (reused cache entry) (+1ms) (135/309)
11:31:01   ▶ /_astro/boyd-isd-after_boyd-construction-0108_54412168040.BNq-5B4Y_ZFzpJF.webp (reused cache entry) (+1ms) (136/309)
11:31:01   ▶ /_astro/boyd-isd-after_dji-0463_55180909107.E0ZsXBHy_ZcuE22.webp (reused cache entry) (+2ms) (137/309)
11:31:01   ▶ /_astro/boyd-isd-after_dji-0465_55181799721.DejGGYaf_gyyrl.webp (reused cache entry) (+1ms) (138/309)
11:31:01   ▶ /_astro/boyd-isd-after_boyd-construction-0116_54411972449.j9gFfWhM_Z19sxm.webp (reused cache entry) (+2ms) (139/309)
11:31:01   ▶ /_astro/boyd-isd-after_dji-0466_55182057654.CwlAj_PJ_1O6W2i.webp (reused cache entry) (+2ms) (140/309)
11:31:01   ▶ /_astro/boyd-isd-after_boyd-construction-0104_54410913982.BJnA7ovA_Z146qrK.webp (reused cache entry) (+2ms) (141/309)
11:31:01   ▶ /_astro/boyd-isd-after_dji-0463_55180909107.E0ZsXBHy_sRfYW.webp (reused cache entry) (+1ms) (142/309)
11:31:01   ▶ /_astro/boyd-isd-after_dji-0462_55181966748.Cw_g5sQb_xcQ8O.webp (reused cache entry) (+2ms) (143/309)
11:31:01   ▶ /_astro/boyd-isd-after_dji-0464_55181966683.Dm-2SMS6_1tpOnS.webp (reused cache entry) (+2ms) (144/309)
11:31:01   ▶ /_astro/boyd-isd-after_dji-0465_55181799721.DejGGYaf_VVttk.webp (reused cache entry) (+3ms) (145/309)
11:31:01   ▶ /_astro/boyd-isd-after_boyd-construction-0058_54412167170.DH5Lg4zc_Z1LkAqy.webp (reused cache entry) (+3ms) (146/309)
11:31:01   ▶ /_astro/boyd-isd-after_dji-0467_55182201465.CBved0a0_2ePnO.webp (reused cache entry) (+3ms) (147/309)
11:31:01   ▶ /_astro/boyd-isd-after_dji-0468_55181966568.8VrHBIFw_Z1nJmMq.webp (reused cache entry) (+3ms) (148/309)
11:31:01   ▶ /_astro/boyd-isd-after_dji-0466_55182057654.CwlAj_PJ_2utR4h.webp (reused cache entry) (+2ms) (149/309)
11:31:01   ▶ /_astro/boyd-isd-after_dji-0470_55182201410.DQu2rtC1_ZfuhP.webp (reused cache entry) (+1ms) (150/309)
11:31:01   ▶ /_astro/boyd-isd-after_dji-0463_55180909107.E0ZsXBHy_Z1cQfKH.webp (reused cache entry) (+3ms) (151/309)
11:31:01   ▶ /_astro/boyd-isd-after_dji-0464_55181966683.Dm-2SMS6_ZciGmL.webp (reused cache entry) (+2ms) (152/309)
11:31:01   ▶ /_astro/boyd-isd-after_dji-0469_55180908982.BiNyYgpR_1p2uj4.webp (reused cache entry) (+2ms) (153/309)
11:31:01   ▶ /_astro/boyd-isd-after_dji-0467_55182201465.CBved0a0_HBKpN.webp (reused cache entry) (+2ms) (154/309)
11:31:01   ▶ /_astro/boyd-isd-after_dji-0465_55181799721.DejGGYaf_ZIM2hk.webp (reused cache entry) (+2ms) (155/309)
11:31:01   ▶ /_astro/boyd-isd-after_dji-0468_55181966568.8VrHBIFw_ZHmrKr.webp (reused cache entry) (+2ms) (156/309)
11:31:01   ▶ /_astro/boyd-isd-after_dji-0471_55181799511.BHHX1C-Z_Z1DxawP.webp (reused cache entry) (+2ms) (157/309)
11:31:01   ▶ /_astro/boyd-isd-after_dji-0472_55182201370.D_gUaVyQ_Z1zeo9n.webp (reused cache entry) (+2ms) (158/309)
11:31:01   ▶ /_astro/boyd-isd-after_dji-0470_55182201410.DQu2rtC1_F7pJ9.webp (reused cache entry) (+2ms) (159/309)
11:31:01   ▶ /_astro/boyd-isd-after_dji-0469_55180908982.BiNyYgpR_25ppl3.webp (reused cache entry) (+1ms) (160/309)
11:31:01   ▶ /_astro/boyd-isd-after_dji-0466_55182057654.CwlAj_PJ_NKliC.webp (reused cache entry) (+2ms) (161/309)
11:31:01   ▶ /_astro/boyd-isd-after_dji-0467_55182201465.CBved0a0_ZX6KkQ.webp (reused cache entry) (+1ms) (162/309)
11:31:01   ▶ /_astro/boyd-isd-after_dji-0468_55181966568.8VrHBIFw_Z2o5Xw6.webp (reused cache entry) (+1ms) (163/309)
11:31:01   ▶ /_astro/boyd-isd-after_dji-0471_55181799511.BHHX1C-Z_ZXafuQ.webp (reused cache entry) (+1ms) (164/309)
11:31:01   ▶ /_astro/boyd-isd-after_dji-0474_55182057444.CGHcziH__Z1Hk3vQ.webp (reused cache entry) (+2ms) (165/309)
11:31:01   ▶ /_astro/boyd-isd-after_dji-0473_55182201360.BfEcWs-4_Z1mYnqn.webp (reused cache entry) (+2ms) (166/309)
11:31:01   ▶ /_astro/boyd-isd-after_dji-0476_55181966338.C0CEopB3_Z1GlTWX.webp (reused cache entry) (+2ms) (167/309)
11:31:01   ▶ /_astro/boyd-isd-after_dji-0472_55182201370.D_gUaVyQ_ZSQt7o.webp (reused cache entry) (+2ms) (168/309)
11:31:01   ▶ /_astro/boyd-isd-after_dji-0470_55182201410.DQu2rtC1_Z10B61v.webp (reused cache entry) (+2ms) (169/309)
11:31:01   ▶ /_astro/boyd-isd-after_dji-0477_55182201295.CpXH0tT3_1N6wJu.webp (reused cache entry) (+2ms) (170/309)
11:31:01   ▶ /_astro/boyd-isd-after_dji-0474_55182057444.CGHcziH__Z11W8tR.webp (reused cache entry) (+3ms) (171/309)
11:31:01   ▶ /_astro/boyd-isd-after_dji-0471_55181799511.BHHX1C-Z_2qimxq.webp (reused cache entry) (+5ms) (172/309)
11:31:01   ▶ /_astro/boyd-isd-after_dji-0478_55182057364.Jnk4MNMx_Z2l24uu.webp (reused cache entry) (+5ms) (173/309)
11:31:01   ▶ /_astro/boyd-isd-after_dji-0469_55180908982.BiNyYgpR_oFSzo.webp (reused cache entry) (+6ms) (174/309)
11:31:01   ▶ /_astro/boyd-isd-after_dji-0479_55182057329.Cq4gL3fX_Z12WEoT.webp (reused cache entry) (+5ms) (175/309)
11:31:01   ▶ /_astro/boyd-isd-after_dji-0476_55181966338.C0CEopB3_Z10XYUY.webp (reused cache entry) (+5ms) (176/309)
11:31:01   ▶ /_astro/boyd-isd-after_dji-0473_55182201360.BfEcWs-4_ZGBsoo.webp (reused cache entry) (+5ms) (177/309)
11:31:01   ▶ /_astro/boyd-isd-after_dji-0472_55182201370.D_gUaVyQ_2uB8US.webp (reused cache entry) (+5ms) (178/309)
11:31:01   ▶ /_astro/boyd-isd-after_dji-0477_55182201295.CpXH0tT3_2ttrLt.webp (reused cache entry) (+4ms) (179/309)
11:31:01   ▶ /_astro/boyd-isd-after_dji-0478_55182057364.Jnk4MNMx_Z1EE9sv.webp (reused cache entry) (+1ms) (180/309)
11:31:01   ▶ /_astro/boyd-isd-after_dji-0479_55182057329.Cq4gL3fX_ZmzJmU.webp (reused cache entry) (+1ms) (181/309)
11:31:01   ▶ /_astro/boyd-isd-after_dji-0480_55181799271.BZWinXwt_Z1eL7iK.webp (reused cache entry) (+1ms) (182/309)
11:31:01   ▶ /_astro/boyd-isd-after_dji-0474_55182057444.CGHcziH__2mvtyp.webp (reused cache entry) (+3ms) (183/309)
11:31:01   ▶ /_astro/boyd-isd-after_dji-0481_55181966203.Cq1x1t0i_20lFDI.webp (reused cache entry) (+1ms) (184/309)
11:31:01   ▶ /_astro/boyd-isd-after_dji-0482_55181966183.B9jK3vvM_Z1g9MOq.webp (reused cache entry) (+1ms) (185/309)
11:31:01   ▶ /_astro/boyd-isd-after_dji-0476_55181966338.C0CEopB3_2ntC7i.webp (reused cache entry) (+1ms) (186/309)
11:31:01   ▶ /_astro/boyd-isd-after_dji-0473_55182201360.BfEcWs-4_Z2nkYa3.webp (reused cache entry) (+1ms) (187/309)
11:31:01   ▶ /_astro/boyd-isd-after_dji-0477_55182201295.CpXH0tT3_MJV0O.webp (reused cache entry) (+2ms) (188/309)
11:31:01   ▶ /_astro/boyd-isd-after_dji-0478_55182057364.Jnk4MNMx_1INszL.webp (reused cache entry) (+2ms) (189/309)
11:31:01   ▶ /_astro/boyd-isd-construction_boyd-construction-0006_54400150242.B2CCIMK8_1tf07z.webp (reused cache entry) (+2ms) (190/309)
11:31:01   ▶ /_astro/boyd-isd-after_dji-0479_55182057329.Cq4gL3fX_Z23jg8z.webp (reused cache entry) (+2ms) (191/309)
11:31:01   ▶ /_astro/boyd-isd-after_dji-0480_55181799271.BZWinXwt_ZyocgL.webp (reused cache entry) (+2ms) (192/309)
11:31:01   ▶ /_astro/boyd-isd-after_dji-0481_55181966203.Cq1x1t0i_Z2osx8e.webp (reused cache entry) (+2ms) (193/309)
11:31:01   ▶ /_astro/boyd-isd-after_dji-0482_55181966183.B9jK3vvM_ZzLRMr.webp (reused cache entry) (+2ms) (194/309)
11:31:01   ▶ /_astro/boyd-isd-construction_boyd-construction-0022_54401401740.B6JCUVdy_Z1OgHrp.webp (reused cache entry) (+1ms) (195/309)
11:31:01   ▶ /_astro/boyd-isd-construction_boyd-construction-0020_54401210169.BiDJF2K6_1fFzC6.webp (reused cache entry) (+2ms) (196/309)
11:31:01   ▶ /_astro/boyd-isd-construction_boyd-construction-0006_54400150242.B2CCIMK8_ZuR4zR.webp (reused cache entry) (+1ms) (197/309)
11:31:01   ▶ /_astro/boyd-isd-construction_boyd-construction-0009_54401269628.Dxo_e2Ql_1zX0qm.webp (reused cache entry) (+2ms) (198/309)
11:31:01   ▶ /_astro/boyd-isd-construction_boyd-construction-0025_54401038636.ChF6gAB0_ZzPjrv.webp (reused cache entry) (+1ms) (199/309)
11:31:01   ▶ /_astro/boyd-isd-construction_boyd-construction-0029_54400151812.M-AdkRGX_Z2mln4y.webp (reused cache entry) (+1ms) (200/309)
11:31:01   ▶ /_astro/boyd-isd-after_dji-0480_55181799271.BZWinXwt_Z2f7I2q.webp (reused cache entry) (+1ms) (201/309)
11:31:01   ▶ /_astro/boyd-isd-construction_boyd-construction-0035_54401271268.C7XL6RYY_2fD95P.webp (reused cache entry) (+1ms) (202/309)
11:31:01   ▶ /_astro/boyd-isd-construction_boyd-construction-0022_54401401740.B6JCUVdy_1gNlE5.webp (reused cache entry) (+2ms) (203/309)
11:31:01   ▶ /_astro/boyd-isd-construction_boyd-construction-0020_54401210169.BiDJF2K6_ZIqu5l.webp (reused cache entry) (+1ms) (204/309)
11:31:01   ▶ /_astro/boyd-isd-after_dji-0481_55181966203.Cq1x1t0i_1004U3.webp (reused cache entry) (+2ms) (205/309)
11:31:01   ▶ /_astro/boyd-isd-after_dji-0482_55181966183.B9jK3vvM_Z2gvoy6.webp (reused cache entry) (+2ms) (206/309)
11:31:01   ▶ /_astro/boyd-isd-construction_boyd-construction-0009_54401269628.Dxo_e2Ql_Zo94h5.webp (reused cache entry) (+2ms) (207/309)
11:31:01   ▶ /_astro/boyd-isd-construction_boyd-construction-0006_54400150242.B2CCIMK8_qLlDV.webp (reused cache entry) (+2ms) (208/309)
11:31:01   ▶ /_astro/boyd-isd-construction_boyd-construction-0025_54401038636.ChF6gAB0_2veJDY.webp (reused cache entry) (+2ms) (209/309)
11:31:01   ▶ /_astro/boyd-isd-construction_boyd-construction-0029_54400151812.M-AdkRGX_IIG1V.webp (reused cache entry) (+2ms) (210/309)
11:31:01   ▶ /_astro/boyd-isd-construction_boyd-construction-0022_54401401740.B6JCUVdy_2drLSS.webp (reused cache entry) (+1ms) (211/309)
11:31:01   ▶ /_astro/boyd-isd-construction_boyd-construction-0035_54401271268.C7XL6RYY_gw4no.webp (reused cache entry) (+2ms) (212/309)
11:31:01   ▶ /_astro/boyd-isd-construction_boyd-construction-0037_54401402335.Da9ksLQg_Z17bGJy.webp (reused cache entry) (+2ms) (213/309)
11:31:01   ▶ /_astro/boyd-isd-construction_boyd-construction-0020_54401210169.BiDJF2K6_dcV9s.webp (reused cache entry) (+1ms) (214/309)
11:31:01   ▶ /_astro/boyd-isd-construction_boyd-construction-0009_54401269628.Dxo_e2Ql_xulWI.webp (reused cache entry) (+1ms) (215/309)
11:31:01   ▶ /_astro/boyd-isd-construction_boyd-construction-0043_54401402525.Dk8EUeUw_Z1UOt7b.webp (reused cache entry) (+1ms) (216/309)
11:31:01   ▶ /_astro/boyd-isd-construction_boyd-construction-0025_54401038636.ChF6gAB0_Z1CiWU9.webp (reused cache entry) (+1ms) (217/309)
11:31:01   ▶ /_astro/boyd-isd-construction_boyd-construction-0029_54400151812.M-AdkRGX_1Fn7gJ.webp (reused cache entry) (+1ms) (218/309)
11:31:01   ▶ /_astro/boyd-isd-construction_boyd-construction-0047_54401271628.cD8jMSBn_ZoEmGv.webp (reused cache entry) (+1ms) (219/309)
11:31:01   ▶ /_astro/boyd-isd-construction_boyd-construction-0050_54401211354.Dfwi0GrM_Zsnv3z.webp (reused cache entry) (+1ms) (220/309)
11:31:01   ▶ /_astro/boyd-isd-construction_boyd-construction-0035_54401271268.C7XL6RYY_1dauCc.webp (reused cache entry) (+1ms) (221/309)
11:31:01   ▶ /_astro/boyd-isd-construction_boyd-construction-0037_54401402335.Da9ksLQg_1XSmlV.webp (reused cache entry) (+1ms) (222/309)
11:31:01   ▶ /_astro/boyd-isd-construction_boyd-construction-0043_54401402525.Dk8EUeUw_1afzYj.webp (reused cache entry) (+1ms) (223/309)
11:31:01   ▶ /_astro/boyd-isd-construction_boyd-construction-06865_54401209574.vI2zmolF_oAUFr.webp (reused cache entry) (+2ms) (224/309)
11:31:01   ▶ /_astro/boyd-isd-construction_boyd-construction-0068_54401271958.DMLHq-h9_Z1H5xz.webp (reused cache entry) (+2ms) (225/309)
11:31:01   ▶ /_astro/boyd-isd-construction_boyd-construction-0992_54401398805.Bq2EGBn1_sCIEG.webp (reused cache entry) (+2ms) (226/309)
11:31:01   ▶ /_astro/boyd-isd-construction_boyd-construction-0050_54401211354.Dfwi0GrM_Z2ruzL1.webp (reused cache entry) (+2ms) (227/309)
11:31:01   ▶ /_astro/boyd-isd-construction_boyd-construction-0996_54401398925.D9Z-AU_-_29NPXL.webp (reused cache entry) (+2ms) (228/309)
11:31:01   ▶ /_astro/boyd-isd-construction_boyd-construction-0047_54401271628.cD8jMSBn_Z2nLroW.webp (reused cache entry) (+2ms) (229/309)
11:31:01   ▶ /_astro/boyd-isd-construction_boyd-construction-06865_54401209574.vI2zmolF_1c4A1u.webp (reused cache entry) (+1ms) (230/309)
11:31:01   ▶ /_astro/boyd-isd-construction_boyd-construction-0037_54401402335.Da9ksLQg_Z29Eldc.webp (reused cache entry) (+2ms) (231/309)
11:31:01   ▶ /_astro/boyd-isd-construction_boyd-construction-0043_54401402525.Dk8EUeUw_26T1e7.webp (reused cache entry) (+2ms) (232/309)
11:31:01   ▶ /_astro/boyd-isd-construction_boyd-construction-0999_54401207549.BgQBjmk9_Z2nKN8G.webp (reused cache entry) (+2ms) (233/309)
11:31:01   ▶ /_astro/51551511268_f74e3b930e_k.CWFb_mSu_r7JII.webp (reused cache entry) (+2ms) (234/309)
11:31:01   ▶ /_astro/boyd-isd-construction_boyd-construction-0068_54401271958.DMLHq-h9_Z20Oag1.webp (reused cache entry) (+2ms) (235/309)
11:31:01   ▶ /_astro/boyd-isd-construction_boyd-construction-0992_54401398805.Bq2EGBn1_Z1vtl2K.webp (reused cache entry) (+2ms) (236/309)
11:31:01   ▶ /_astro/boyd-isd-construction_boyd-construction-0996_54401398925.D9Z-AU_-_aGLgk.webp (reused cache entry) (+3ms) (237/309)
11:31:01   ▶ /_astro/boyd-isd-construction_boyd-construction-0050_54401211354.Dfwi0GrM_Z1uQ9wd.webp (reused cache entry) (+4ms) (238/309)
11:31:01   ▶ /_astro/boyd-isd-construction_boyd-construction-0047_54401271628.cD8jMSBn_Z1r81a9.webp (reused cache entry) (+4ms) (239/309)
11:31:01   ▶ /_astro/boyd-isd-construction_boyd-construction-06865_54401209574.vI2zmolF_2qvpIx.webp (reused cache entry) (+5ms) (240/309)
11:31:01   ▶ /_astro/boyd-isd-construction_boyd-construction-0999_54401207549.BgQBjmk9_HjfWN.webp (reused cache entry) (+5ms) (241/309)
11:31:01   ▶ /_astro/boyd-isd-construction_boyd-construction-0068_54401271958.DMLHq-h9_Z14aJ1d.webp (reused cache entry) (+4ms) (242/309)
11:31:01   ▶ /_astro/51551511268_f74e3b930e_k.CWFb_mSu_2Qr43.webp (reused cache entry) (+5ms) (243/309)
11:31:01   ▶ /_astro/51554219241_702ee4717f_k.sKskUMcb_Z21TMab.webp (reused cache entry) (+5ms) (244/309)
11:31:01   ▶ /_astro/54845433725_c85916126a_k.hDzJg2Mx_ZLtVgg.webp (reused cache entry) (+5ms) (245/309)
11:31:01   ▶ /_astro/boyd-isd-construction_boyd-construction-0992_54401398805.Bq2EGBn1_ZyOTMW.webp (reused cache entry) (+5ms) (246/309)
11:31:01   ▶ /_astro/boyd-isd-construction_boyd-construction-0996_54401398925.D9Z-AU_-_17lcv8.webp (reused cache entry) (+3ms) (247/309)
11:31:01   ▶ /_astro/boyd-isd-before_boyd-before-06849_54363689341.B8vbZoV3_2f7IkY.webp (reused cache entry) (+3ms) (248/309)
11:31:01   ▶ /_astro/boyd-isd-before_boyd-before-06857_54364088355.EInx_Uxz_4wC1X.webp (reused cache entry) (+1ms) (249/309)
11:31:01   ▶ /_astro/boyd-isd-construction_boyd-construction-06694_54401033646.B-xLrdje_1fVtya.webp (reused cache entry) (+1ms) (250/309)
11:31:01   ▶ /_astro/boyd-isd-construction_boyd-construction-0999_54401207549.BgQBjmk9_1DWGcB.webp (reused cache entry) (+2ms) (251/309)
11:31:01   ▶ /_astro/51551511268_f74e3b930e_k.CWFb_mSu_1WUB1U.webp (reused cache entry) (+2ms) (252/309)
11:31:01   ▶ /_astro/boyd-isd-construction_boyd-construction-06701_54401267023.BSRaZGbO_2fbNqE.webp (reused cache entry) (+3ms) (253/309)
11:31:01   ▶ /_astro/boyd-isd-construction_boyd-construction-06752_54401206889.E4caCr3U_qUArz.webp (reused cache entry) (+3ms) (254/309)
11:31:01   ▶ /_astro/51554219241_702ee4717f_k.sKskUMcb_1YHKzm.webp (reused cache entry) (+4ms) (255/309)
11:31:01   ▶ /_astro/boyd-isd-before_boyd-before-06849_54363689341.B8vbZoV3_1cnhm5.webp (reused cache entry) (+3ms) (256/309)
11:31:01   ▶ /_astro/boyd-isd-before_boyd-before-06857_54364088355.EInx_Uxz_ZXcNVV.webp (reused cache entry) (+3ms) (257/309)
11:31:01   ▶ /_astro/boyd-isd-construction_boyd-construction-06694_54401033646.B-xLrdje_ZMpD9Y.webp (reused cache entry) (+3ms) (258/309)
11:31:01   ▶ /_astro/boyd-isd-construction_boyd-construction-06830_54401399375.Bg49kL6v_Z18uJXW.webp (reused cache entry) (+4ms) (259/309)
11:31:01   ▶ /_astro/boyd-isd-construction_boyd-construction-06834_54401269033.DjzeeT61_1szPqN.webp (reused cache entry) (+4ms) (260/309)
11:31:01   ▶ /_astro/54845433725_c85916126a_k.hDzJg2Mx_YfdFR.webp (reused cache entry) (+5ms) (261/309)
11:31:01   ▶ /_astro/boyd-isd-construction_boyd-construction-06701_54401267023.BSRaZGbO_bOFHv.webp (reused cache entry) (+2ms) (262/309)
11:31:01   ▶ /_astro/boyd-isd-construction_boyd-construction-06752_54401206889.E4caCr3U_Z1Bqwgz.webp (reused cache entry) (+3ms) (263/309)
11:31:01   ▶ /_astro/51554219241_702ee4717f_k.sKskUMcb_1cCvOJ.webp (reused cache entry) (+3ms) (264/309)
11:31:01   ▶ /_astro/51551511268_f74e3b930e_k.CWFb_mSu_Z296vxj.webp (reused cache entry) (+5ms) (265/309)
11:31:01   ▶ /_astro/boyd-isd-construction_boyd-construction-06830_54401399375.Bg49kL6v_1Skg6P.webp (reused cache entry) (+2ms) (266/309)
11:31:01   ▶ /_astro/boyd-isd-before_boyd-before-06849_54363689341.B8vbZoV3_Z1Q1aiA.webp (reused cache entry) (+4ms) (267/309)
11:31:01   ▶ /_astro/boyd-isd-construction_boyd-construction-06694_54401033646.B-xLrdje_hiFOM.webp (reused cache entry) (+3ms) (268/309)
11:31:01   ▶ /_astro/boyd-isd-before_boyd-before-06857_54364088355.EInx_Uxz_1WpDtY.webp (reused cache entry) (+4ms) (269/309)
11:31:01   ▶ /_astro/boyd-isd-construction_boyd-construction-06834_54401269033.DjzeeT61_ZzLhhl.webp (reused cache entry) (+2ms) (270/309)
11:31:01   ▶ /_astro/boyd-isd-construction_boyd-construction-06752_54401206889.E4caCr3U_hPTza.webp (reused cache entry) (+3ms) (271/309)
11:31:01   ▶ /_astro/boyd-isd-construction_boyd-construction-06701_54401267023.BSRaZGbO_nSU6q.webp (reused cache entry) (+3ms) (272/309)
11:31:01   ▶ /_astro/51554219241_702ee4717f_k.sKskUMcb_22mkXv.webp (reused cache entry) (+3ms) (273/309)
11:31:01   ▶ /_astro/54845433725_c85916126a_k.hDzJg2Mx_ZChRa6.webp (reused cache entry) (+4ms) (274/309)
11:31:01   ▶ /_astro/boyd-isd-construction_boyd-construction-06830_54401399375.Bg49kL6v_28rshf.webp (reused cache entry) (+2ms) (275/309)
11:31:01   ▶ /_astro/boyd-isd-construction_boyd-construction-06935_54401403165.GmDlKIqt_ZuHApU.webp (reused cache entry) (+2ms) (276/309)
11:31:01   ▶ /_astro/boyd-isd-construction_boyd-construction-06694_54401033646.B-xLrdje_Z2sK6yO.webp (reused cache entry) (+3ms) (277/309)
11:31:01   ▶ /_astro/boyd-isd-before_boyd-before-06849_54363689341.B8vbZoV3_ZW15Xn.webp (reused cache entry) (+3ms) (278/309)
11:31:01   ▶ /_astro/boyd-isd-construction_boyd-construction-06834_54401269033.DjzeeT61_1C6EgF.webp (reused cache entry) (+3ms) (279/309)
11:31:01   ▶ /_astro/boyd-isd-construction_boyd-construction-06752_54401206889.E4caCr3U_Z2scROr.webp (reused cache entry) (+2ms) (280/309)
11:31:01   ▶ /_astro/boyd-isd-construction_boyd-construction-06701_54401267023.BSRaZGbO_Z2m9Rib.webp (reused cache entry) (+2ms) (281/309)
11:31:01   ▶ /_astro/boyd-isd-before_boyd-before-06857_54364088355.EInx_Uxz_Z2dLpYJ.webp (reused cache entry) (+4ms) (282/309)
11:31:01   ▶ /_astro/Boyd_ISD_-_2024_Bond.BCXb-6w0_TNieW.webp (reused cache entry) (+3ms) (283/309)
11:31:01   ▶ /_astro/boyd-isd-construction_boyd-construction-06830_54401399375.Bg49kL6v_ZBBk7m.webp (reused cache entry) (+4ms) (284/309)
11:31:01   ▶ /_astro/boyd-isd-construction_boyd-construction-06935_54401403165.GmDlKIqt_2w7pER.webp (reused cache entry) (+4ms) (285/309)
11:31:01   ▶ /_astro/boyd-isd-construction_boyd-construction-06834_54401269033.DjzeeT61_Z17W87V.webp (reused cache entry) (+4ms) (286/309)
11:31:01   ▶ /_astro/e3-best-of_rio-hondo-constructionrio-hondo-after-dsc05778_51983014624.ZVxVDHWW_Z2mHwoN.webp (reused cache entry) (+6ms) (287/309)
11:31:01   ▶ /_astro/e3-best-of_rio-hondo-interior-lighting-before_51499860007.BAyYqRqE_Z1K4Oi.webp (reused cache entry) (+5ms) (288/309)
11:31:01   ▶ /_astro/54845433725_c85916126a_k.hDzJg2Mx_ZyNVfN.webp (reused cache entry) (+8ms) (289/309)
11:31:01   ▶ /_astro/e3-best-of_rio-hondo-after-dsc05809_51975939640.CuA6jhJD_21QxzV.webp (reused cache entry) (+6ms) (290/309)
11:31:01   ▶ /_astro/e3-best-of_rio-hondo-interior-lighting-after_51974381892.DCqKF6Za_Z18NWcu.webp (reused cache entry) (+5ms) (291/309)
11:31:01   ▶ /_astro/boyd-isd-construction_boyd-construction-06935_54401403165.GmDlKIqt_1v7Jiw.webp (reused cache entry) (+6ms) (292/309)
11:31:01   ▶ /_astro/Granbury_ISD.8Dn1vg2O_XmaLT.webp (reused cache entry) (+7ms) (293/309)
11:31:01   ▶ /_astro/water.CoJmKLAM_myKNA.webp (reused cache entry) (+7ms) (294/309)
11:31:01   ▶ /_astro/e3-best-of_rio-hondo-interior-lighting-before_51500902443.anZN5CXc_Z1WX5zQ.webp (reused cache entry) (+4ms) (295/309)
11:31:01   ▶ /_astro/hvac_hero_1H8dF9.webp (reused cache entry) (+4ms) (296/309)
11:31:01   ▶ /_astro/e3-best-of_rio-hondo-interior-lighting-before_51499860007.BAyYqRqE_T3KEM.webp (reused cache entry) (+4ms) (297/309)
11:31:01   ▶ /_astro/led-lighting_hero_ZV6j9m.webp (reused cache entry) (+2ms) (298/309)
11:31:01   ▶ /_astro/financing-auditing_hero_Z1pVzvc.webp (reused cache entry) (+4ms) (299/309)
11:31:01   ▶ /_astro/e3-best-of_rio-hondo-interior-lighting-after_51974381892.DCqKF6Za_2ml5lA.webp (reused cache entry) (+6ms) (300/309)
11:31:01   ▶ /_astro/water-wastewater_hero_1WGLEL.webp (reused cache entry) (+4ms) (301/309)
11:31:01   ▶ /_astro/boyd-isd-construction_boyd-construction-06935_54401403165.GmDlKIqt_Z1eV365.webp (reused cache entry) (+4ms) (302/309)
11:31:01   ▶ /_astro/port-neches-groves-isd_ZBwJtl.webp (reused cache entry) (+4ms) (303/309)
11:31:01   ▶ /_astro/water.CoJmKLAM_Z5E8hv.webp (reused cache entry) (+4ms) (304/309)
11:31:01   ▶ /_astro/ricardo-isd_odlc7.webp (reused cache entry) (+3ms) (305/309)
11:31:01   ▶ /_astro/controls-automation_hero_Z28jQNL.webp (reused cache entry) (+5ms) (306/309)
11:31:01   ▶ /_astro/gwh_g71y0.webp (reused cache entry) (+5ms) (307/309)
11:31:01   ▶ /_astro/water.CoJmKLAM_Z1dJsFK.webp (reused cache entry) (+3ms) (308/309)
11:31:01   ▶ /_astro/water.CoJmKLAM_1EEdDL.webp (reused cache entry) (+2ms) (309/309)
11:31:01 ✓ Completed in 104ms.

11:31:01 [build] ✓ Completed in 5.37s.
11:31:01 [build] 210 page(s) built in 5.52s
11:31:01 [build] Complete!
EXIT_CODE=0
